[Licensing::Module] Trying to connect to existing licensing client channel...
Built from '6000.5/staging' branch; Version is '6000.5.0f1 (88b47c5e7076) revision 8959100'; Using compiler version '194234433'; Build Type 'Release'
[Licensing::IpcConnector] Successfully connected to: "LicenseClient-hassa" at "2026-07-08T22:46:21.2851694Z"
OS: 'Windows 11  (10.0.26200) Professional' Language: 'en' Physical Memory: 32688 MB
BatchMode: 0, IsHumanControllingUs: 1, StartBugReporterOnCrash: 1, Is64bit: 1
System  architecture: x64
Process architecture: x64
Date: 2026-07-08T22:46:21Z

COMMAND LINE ARGUMENTS:
D:\6000.5.0f1\Editor\Unity.exe
-projectpath
D:\EscapeTheReaper
-acceptSoftwareTermsForThisRunOnly
-useHub
-hubIPC
-cloudEnvironment
production
-licensingIpc
LicenseClient-hassa
-hubSessionId
22a0d47d-c3f0-49f6-a8c2-6998fb6985e8
-accessToken
LMZj0mp3Th6L6vSEGzGnKxVTenhoV5HW_DTyj5e8edQ011f
Successfully changed project path to: D:\EscapeTheReaper
D:/EscapeTheReaper
[UnityMemory] Configuration Parameters - Can be set up in boot.config
    "memorysetup-temp-allocator-size-gi-baking-worker=262144"
    "memorysetup-temp-allocator-size-gi-baking-worker=262144"
    "memorysetup-temp-allocator-size-gi-baking-worker=262144"
    "memorysetup-temp-allocator-size-gi-baking-worker=262144"
    "memorysetup-temp-allocator-size-gi-baking-worker=262144"
    "memorysetup-temp-allocator-size-nav-mesh-worker=65536"
    "memorysetup-temp-allocator-size-audio-worker=65536"
    "memorysetup-temp-allocator-size-cloud-worker=32768"
    "memorysetup-temp-allocator-size-gfx=262144"
    "memorysetup-temp-allocator-size-preload-manager=33554432"
    "memorysetup-allocator-temp-initial-block-size-main=262144"
    "memorysetup-allocator-temp-initial-block-size-worker=262144"
    "memorysetup-temp-allocator-size-job-worker=262144"
    "memorysetup-temp-allocator-size-background-worker=32768"
    "memorysetup-bucket-allocator-granularity=16"
    "memorysetup-bucket-allocator-bucket-count=8"
    "memorysetup-bucket-allocator-block-size=33554432"
    "memorysetup-bucket-allocator-block-count=8"
    "memorysetup-main-allocator-block-size=16777216"
    "memorysetup-thread-allocator-block-size=16777216"
    "memorysetup-main-allocator-mimalloc-enabled=0"
    "memorysetup-gfx-main-allocator-block-size=16777216"
    "memorysetup-gfx-thread-allocator-block-size=16777216"
    "memorysetup-cache-allocator-block-size=4194304"
    "memorysetup-typetree-allocator-block-size=2097152"
    "memorysetup-profiler-bucket-allocator-granularity=16"
    "memorysetup-profiler-bucket-allocator-bucket-count=8"
    "memorysetup-profiler-bucket-allocator-block-size=33554432"
    "memorysetup-profiler-bucket-allocator-block-count=8"
    "memorysetup-profiler-allocator-block-size=16777216"
    "memorysetup-profiler-editor-allocator-block-size=1048576"
    "memorysetup-temp-allocator-size-main=16777216"
    "memorysetup-job-temp-allocator-block-size=2097152"
    "memorysetup-job-temp-allocator-block-size-background=1048576"
    "memorysetup-job-temp-allocator-reduction-small-platforms=262144"
Player connection [12232]  Target information:

Player connection [12232]  * "[IP] 192.168.1.14 [Port] 55504 [Flags] 2 [Guid] 498752972 [EditorId] 498752972 [Version] 1048832 [Id] WindowsEditor(7,HassaanX) [Debug] 1 [PackageName] WindowsEditor [ProjectName] Editor" 

Player connection [12232] Host joined multi-casting on [225.0.0.222:54997]...
Player connection [12232] Host joined alternative multi-casting on [225.0.0.222:34997]...
Input System module state changed to: Initialized.
[Physics::Module] Initialized fallback backend.
[Physics::Module] Id: 0xdecafbad
[Package Manager] Connected to IPC stream "Upm-17396" after 0.4 seconds.
[Licensing::Module] Licensing is not yet initialized.
[Licensing::Client] Error: HandshakeResponse reported an error:
	ResponseCode: 505
	ResponseStatus: Unsupported protocol version '1.18.1'.
[Licensing::Module] Error: Failed to handshake to channel: "LicenseClient-hassa"
[Licensing::IpcConnector] LicenseClient-hassa channel disconnected successfully.
[Licensing::IpcConnector] Channel LicenseClient-hassa-6000.5.0 doesn't exist
[Licensing::Module] Successfully launched the LicensingClient (PId: 27440)
Starting IPC server.
Waiting for clients to connect on \\.\pipe\Unity-LicenseClient-hassa-6000.5.0, press Ctrl-C to exit.
[Licensing::IpcConnector] Successfully connected to: "LicenseClient-hassa-6000.5.0" at "2026-07-08T22:46:23.0058913Z"
[Licensing::Client] Code 10 while verifying Licensing Client signature (process Id: 27440, path: "D:/6000.5.0f1/Editor/Data/Resources/Licensing/Client/Unity.Licensing.Client.exe")
[Licensing::Module] LicensingClient has failed validation; ignoring
[Licensing::Client] Handshaking with LicensingClient:
  Version:                 1.18.1+9fbee8e
  Session Id:              97a88dd7bb4c4f568bed402c006350d4
  Correlation Id:          ec0758cff6cb5df8cdc2207159682a4e
  External correlation Id: 1149995387794196907
  Machine Id:              MzkA8d+wzBer9AGdVk9PyLgGwKY=
[Licensing::Module] Successfully connected to LicensingClient on channel: "LicenseClient-hassa-6000.5.0" (connect: 0.37s, validation: 0.12s, handshake: 0.01s)
[Licensing::IpcConnector] Successfully connected to: "LicenseClient-hassa-6000.5.0-notifications" at "2026-07-08T22:46:23.1331038Z"
[Licensing::Module] Connected to LicensingClient (PId: 27440, launch time: 0.01, total connection time: 0.50s)
[Licensing::Client] Successfully updated the access token
[Licensing::Module] Successfully updated the access token LMZj0mp3Th...
[Licensing::Client] Successfully resolved entitlement details
[Licensing::Module] License group:
  Id: 18968397536324-UnityPersXXXX
  Product: Unity Personal
  Type: Assigned
  Expiration: Unlimited
[Licensing::Client] Successfully updated license, isAsync: True, time: 0.01
[Licensing::Client] Successfully resolved entitlement details
[Licensing::Module] Licensing Background thread has ended after 1.89s
[Licensing::Module] Licensing is initialized (took 1.07s).
[Licensing::Client] Successfully resolved entitlement details
Library Redirect Path: Library/
[Physics::Module] Selected backend.
[Physics::Module] Name: PhysX
[Physics::Module] Id: 0xf2b8ea05
[Physics::Module] SDK Version: 4.1.2
[Physics::Module] Integration Version: 1.0.0
[Physics::Module] Threading Mode: Multi-Threaded
Initialize engine version: 6000.5.0f1 (88b47c5e7076)
[Subsystems] Discovering subsystems at path D:/6000.5.0f1/Editor/Data/Resources/UnitySubsystems
[Subsystems] Discovering subsystems at path D:/EscapeTheReaper/Assets
[D3D12 Device Filter] Vendor Name: NVIDIA
[D3D12 Device Filter] Device Name: NVIDIA GeForce RTX 5060
[D3D12 Device Filter] Driver Version: 32.0.16.1062
[D3D12 Device Filter] Feature Level: 12.2
[D3D12 Device Filter] Graphics Memory: 7896 MB
[D3D12 Device Filter] Processor Count: 12
[D3D12 Device Filter] Device Type: Discrete
GfxDevice: creating device client; kGfxThreadingModeSplitJobs
d3d12: failed to query info queue interface (0x80004002).
Direct3D:
    Version:         Direct3D 12 [level 12.2]
    Renderer:        NVIDIA GeForce RTX 5060 (ID=0x2d05)
    Vendor:          NVIDIA
    VRAM:            7896 MB
    App VRAM Budget: 7128 MB
    Driver:          32.0.16.1062
Initialize mono
Mono path[0] = 'D:/6000.5.0f1/Editor/Data/Managed'
Mono path[1] = 'D:/6000.5.0f1/Editor/Data/BCLExtensions/runtime/netstandard2.1'
Mono path[2] = 'D:/6000.5.0f1/Editor/Data/MonoBleedingEdge/lib/mono/unityjit-win32'
Mono config path = 'D:/6000.5.0f1/Editor/Data/MonoBleedingEdge/etc'
Using monoOptions --debugger-agent=transport=dt_socket,embedding=1,server=y,suspend=n,address=127.0.0.1:56396
CodeReloadManager initialized
ImportWorker Server TCP listen port: 0
AcceleratorClientConnectionCallback - disconnected - :0
Begin MonoManager ReloadAssembly
Registering precompiled unity dll's ...
Register platform support module: D:/6000.5.0f1/Editor/Data/PlaybackEngines/WindowsStandaloneSupport/UnityEditor.WindowsStandalone.Extensions.dll
[Licensing::Client] Successfully resolved entitlement details
Register platform support module: D:/6000.5.0f1/Editor/Data/PlaybackEngines/MetroSupport/UnityEditor.UWP.Extensions.dll
[Licensing::Client] Successfully resolved entitlement details
Register platform support module: D:/6000.5.0f1/Editor/Data/PlaybackEngines/AndroidPlayer/UnityEditor.Android.Extensions.dll
Registered in 0.006337 seconds.
Native extension for Android target not found
Native extension for UWP target not found
Native extension for WindowsStandalone target not found
Package Manager log level set to [2]
ScheduleIndexationOnStartup MainProcess:False IndexOnStartup:True
Mono: successfully reloaded assembly
- Finished resetting the current domain, in  0.380 seconds
Domain Reload Profiling: 886ms
	BeginReloadAssembly (143ms)
		CreateAndSetChildDomain (19ms)
	RebuildCommonClasses (5ms)
	RebuildNativeTypeToScriptingClass (21ms)
	initialDomainReloadingComplete (69ms)
	LoadAllAssembliesAndSetupDomain (266ms)
		LoadAssemblies (124ms)
		AnalyzeDomain (198ms)
			TypeCache.Refresh (197ms)
				TypeCache.ScanAssembly (184ms)
	FinalizeReload (383ms)
		SetupLoadedEditorAssemblies (0ms)
			InitializePlatformSupportModulesInManaged (58ms)
			BeforeProcessingInitializeOnLoad (82ms)
			ProcessInitializeOnLoadAttributes (87ms)
			ProcessInitializeOnLoadMethodAttributes (85ms)
[Licensing::Client] Successfully resolved entitlement details
Application.AssetDatabase Initial Refresh Start
[Package Manager] Restoring resolved packages state from cache
[Licensing::Client] Successfully resolved entitlement details
[Package Manager] Registered 35 packages:
  Packages from [https://packages.unity.com]:
    com.unity.ide.visualstudio@2.0.22 (location: D:\EscapeTheReaper\Library\PackageCache\com.unity.ide.visualstudio@8140e851d83e)
    com.unity.ide.rider@3.0.31 (location: D:\EscapeTheReaper\Library\PackageCache\com.unity.ide.rider@7921be93db40)
  Built-in packages:
    com.unity.ugui@2.5.0 (location: D:\EscapeTheReaper\Library\PackageCache\com.unity.ugui@4f9b15fd1386)
    com.unity.test-framework@1.7.0 (location: D:\EscapeTheReaper\Library\PackageCache\com.unity.test-framework@f3e6c9a02477)
    com.unity.modules.ai@1.0.0 (location: D:\EscapeTheReaper\Library\PackageCache\com.unity.modules.ai)
    com.unity.modules.androidjni@1.0.0 (location: D:\EscapeTheReaper\Library\PackageCache\com.unity.modules.androidjni)
    com.unity.modules.animation@1.0.0 (location: D:\EscapeTheReaper\Library\PackageCache\com.unity.modules.animation)
    com.unity.modules.assetbundle@1.0.0 (location: D:\EscapeTheReaper\Library\PackageCache\com.unity.modules.assetbundle)
    com.unity.modules.audio@1.0.0 (location: D:\EscapeTheReaper\Library\PackageCache\com.unity.modules.audio)
    com.unity.modules.cloth@1.0.0 (location: D:\EscapeTheReaper\Library\PackageCache\com.unity.modules.cloth)
    com.unity.modules.director@1.0.0 (location: D:\EscapeTheReaper\Library\PackageCache\com.unity.modules.director)
    com.unity.modules.imageconversion@1.0.0 (location: D:\EscapeTheReaper\Library\PackageCache\com.unity.modules.imageconversion)
    com.unity.modules.imgui@1.0.0 (location: D:\EscapeTheReaper\Library\PackageCache\com.unity.modules.imgui)
    com.unity.modules.jsonserialize@1.0.0 (location: D:\EscapeTheReaper\Library\PackageCache\com.unity.modules.jsonserialize)
    com.unity.modules.particlesystem@1.0.0 (location: D:\EscapeTheReaper\Library\PackageCache\com.unity.modules.particlesystem)
    com.unity.modules.physics@1.0.0 (location: D:\EscapeTheReaper\Library\PackageCache\com.unity.modules.physics)
    com.unity.modules.physics2d@1.0.0 (location: D:\EscapeTheReaper\Library\PackageCache\com.unity.modules.physics2d)
    com.unity.modules.screencapture@1.0.0 (location: D:\EscapeTheReaper\Library\PackageCache\com.unity.modules.screencapture)
    com.unity.modules.terrain@1.0.0 (location: D:\EscapeTheReaper\Library\PackageCache\com.unity.modules.terrain)
    com.unity.modules.terrainphysics@1.0.0 (location: D:\EscapeTheReaper\Library\PackageCache\com.unity.modules.terrainphysics)
    com.unity.modules.tilemap@1.0.0 (location: D:\EscapeTheReaper\Library\PackageCache\com.unity.modules.tilemap)
    com.unity.modules.ui@1.0.0 (location: D:\EscapeTheReaper\Library\PackageCache\com.unity.modules.ui)
    com.unity.modules.uielements@1.0.0 (location: D:\EscapeTheReaper\Library\PackageCache\com.unity.modules.uielements)
    com.unity.modules.umbra@1.0.0 (location: D:\EscapeTheReaper\Library\PackageCache\com.unity.modules.umbra)
    com.unity.modules.unitywebrequest@1.0.0 (location: D:\EscapeTheReaper\Library\PackageCache\com.unity.modules.unitywebrequest)
    com.unity.modules.unitywebrequestassetbundle@1.0.0 (location: D:\EscapeTheReaper\Library\PackageCache\com.unity.modules.unitywebrequestassetbundle)
    com.unity.modules.unitywebrequestaudio@1.0.0 (location: D:\EscapeTheReaper\Library\PackageCache\com.unity.modules.unitywebrequestaudio)
    com.unity.modules.unitywebrequesttexture@1.0.0 (location: D:\EscapeTheReaper\Library\PackageCache\com.unity.modules.unitywebrequesttexture)
    com.unity.modules.unitywebrequestwww@1.0.0 (location: D:\EscapeTheReaper\Library\PackageCache\com.unity.modules.unitywebrequestwww)
    com.unity.modules.vehicles@1.0.0 (location: D:\EscapeTheReaper\Library\PackageCache\com.unity.modules.vehicles)
    com.unity.modules.video@1.0.0 (location: D:\EscapeTheReaper\Library\PackageCache\com.unity.modules.video)
    com.unity.modules.wind@1.0.0 (location: D:\EscapeTheReaper\Library\PackageCache\com.unity.modules.wind)
    com.unity.modules.hierarchycore@1.0.0 (location: D:\EscapeTheReaper\Library\PackageCache\com.unity.modules.hierarchycore)
    com.unity.modules.physicscore2d@1.0.0 (location: D:\EscapeTheReaper\Library\PackageCache\com.unity.modules.physicscore2d)
    com.unity.ext.nunit@2.1.0 (location: D:\EscapeTheReaper\Library\PackageCache\com.unity.ext.nunit@44f7d31723bd)
[Subsystems] No new subsystems found in resolved package list.
[Package Manager] Done registering packages in 0.01 seconds
info: Microsoft.Hosting.Lifetime[14]
      Now listening on: http://localhost:80
info: Microsoft.Hosting.Lifetime[0]
      Application started. Press Ctrl+C to shut down.
info: Microsoft.Hosting.Lifetime[0]
      Hosting environment: Production
info: Microsoft.Hosting.Lifetime[0]
      Content root path: D:\EscapeTheReaper
info: Microsoft.AspNetCore.Hosting.Diagnostics[1]
      Request starting HTTP/2 POST http://ilpp/UnityILPP.PostProcessing/Ping - application/grpc -
info: Microsoft.AspNetCore.Routing.EndpointMiddleware[0]
      Executing endpoint 'gRPC - /UnityILPP.PostProcessing/Ping'
info: Microsoft.AspNetCore.Routing.EndpointMiddleware[1]
      Executed endpoint 'gRPC - /UnityILPP.PostProcessing/Ping'
info: Microsoft.AspNetCore.Hosting.Diagnostics[2]
      Request finished HTTP/2 POST http://ilpp/UnityILPP.PostProcessing/Ping - 200 - application/grpc 26.3491ms
Starting: D:\6000.5.0f1\Editor\Data\Tools\BuildPipeline\bee_backend.exe --ipc --defer-dag-verification --dagfile="Library/Bee/1900b0aE.dag" --continue-on-failure --profile="Library/Bee/backend1.traceevents" ScriptAssemblies
WorkingDir: D:/EscapeTheReaper
ExitCode: 0 Duration: 0s85ms
*** Tundra build success (0.05 seconds), 0 items updated, 253 evaluated
AssetDatabase: script compilation time: 0.421868s
Begin MonoManager ReloadAssembly
Total cache size 62865172
Total cache size after purge 62865172, took 00:00:00.0789503
Native extension for Android target not found
Native extension for UWP target not found
Native extension for WindowsStandalone target not found
ScheduleIndexationOnStartup MainProcess:True IndexOnStartup:True
Mono: successfully reloaded assembly
- Finished resetting the current domain, in  0.467 seconds
Domain Reload Profiling: 911ms
	BeginReloadAssembly (207ms)
		DisableScriptedObjects (21ms)
		CreateAndSetChildDomain (42ms)
	RebuildCommonClasses (8ms)
	RebuildNativeTypeToScriptingClass (14ms)
	initialDomainReloadingComplete (35ms)
	LoadAllAssembliesAndSetupDomain (177ms)
		LoadAssemblies (175ms)
		AnalyzeDomain (31ms)
			TypeCache.Refresh (21ms)
				TypeCache.ScanAssembly (15ms)
			BuildScriptInfoCaches (7ms)
	FinalizeReload (469ms)
		SetupLoadedEditorAssemblies (0ms)
			InitializePlatformSupportModulesInManaged (12ms)
			BeforeProcessingInitializeOnLoad (91ms)
			ProcessInitializeOnLoadAttributes (102ms)
			ProcessInitializeOnLoadMethodAttributes (106ms)
		AwakeInstancesAfterBackupRestoration (19ms)
Starting new worker id: 0 with log in D:/EscapeTheReaper/Logs/AssetImportWorkerHW0.log

Asset Pipeline Refresh (id=184a97e0eebe592488b8908648db4800): Total: 1.514 seconds - Initiated by InitialRefreshV2(ForceSynchronousImport)
	(Values over 0.05ms)
	Summary:
		Imports: total=0 (actual=0, local cache=0, cache server=0)
		Asset DB Process Time: managed=0 ms, native=582 ms
		Asset DB Callback time: managed=18 ms, native=15 ms
		Scripting: domain reloads=1, domain reload time=464 ms, compile time=424 ms, other=7 ms
		Project Asset Count: scripts=260, non-scripts=206
		Asset File Changes: new=0, changed=0, moved=0, deleted=0
		Scan Filter Count: 0
	InvokePackagesCallback: 17.491ms
	ApplyChangesToAssetFolders: 0.429ms
	Scan: 26.302ms
	Collect global state as custom dependencies: 0.568ms
	CategorizeScriptCompilationAssets: 6.185ms
	ProcessAssetsWithTransientArtifactChanges: 10.988ms
	CategorizeAssets: 3.147ms
	CompileScripts: 424.177ms
	ImportOutOfDateAssets: 486.180ms (472.084ms without children)
		UnloadImportedAssets: 0.088ms
		EnsureUptoDateAssetsAreRegisteredWithGuidPM: 0.059ms
		ImportSchedulerStart: 13.946ms
	PostProcessAllAssets: 18.872ms
		MonoPostProcessAllAssets: 18.792ms
			WindowAssetPostprocessingWatcher.OnPostprocessAllAssets 9.404ms
			SpeedTree9Postprocessor.OnPostprocessAllAssets 0.706ms
			ReferencedClipsPostProcessor.OnPostprocessAllAssets 0.328ms
			TerrainToolbarOverlayPostProcessor.OnPostprocessAllAssets 0.221ms
			AssetDatabaseCallbacks.OnPostprocessAllAssets 0.151ms
			SyncVS.PostprocessSyncProject 0.087ms
			RenderPipelineGlobalSettingsPostprocessor.OnPostprocessAllAssets 0.080ms
	UnloadStreamsBegin: 1.419ms
	GenerateScriptTypeHashes: 0.085ms
	GenerateScriptTypeSerializationHashes: 0.086ms
	Untracked: 514.927ms

Application.AssetDatabase Initial Refresh End
Launched and connected shader compiler UnityShaderCompiler.exe after 0.01 seconds
Scanning for USB devices : 19.364ms
Initializing Unity extensions:
[MODES] ModeService[none].Initialize
[MODES] ModeService[none].LoadModes
[MODES] Loading mode Default (0) for mode-current-id-Escape the Reaper
Unloading 13 Unused Serialized files (Serialized files now loaded: 0)
Loaded scene 'Assets/Scenes/Level3.unity'
	Deserialize:            18.108 ms
	Integration:            46.502 ms
	Integration of assets:  3.257 ms
	Thread Wait Time:       0.017 ms
	Total Operation Time:   67.883 ms
Unloading 869 unused Assets / (0.9 MB). Loaded Objects now: 3414.
Memory consumption went from 221.0 MB to 220.1 MB.
Total: 6.554700 ms (FindLiveObjects: 0.608700 ms CreateObjectMapping: 0.460900 ms MarkObjects: 4.884200 ms  DeleteObjects: 0.596900 ms)

[LAYOUT] About to load UserSettings\Layouts\default-6000.dwlt, keepMainWindow=False
[LAYOUT] About to save layout D:\EscapeTheReaper\UserSettings\Layouts\default-6000.dwlt
[LAYOUT] About to save layout C:/Users/hassa/AppData/Roaming/Unity/Editor-5.x/Preferences\Layouts\current\default-6000.dwlt
[MODES] ModeService[default].InitializeCurrentMode
[MODES] ModeService[default].RaiseModeChanged(default, default)
This project uses Input Manager, which is marked for deprecation. To manage input in your project, use the <a href="https://docs.unity3d.com/Packages/com.unity.inputsystem@latest">Input System package</a> instead.
<RI> Initializing input.
<RI> Input initialized.
[Project] Loading completed in 6.689 seconds
	Project init time: 				5.181 seconds
		Template init time: 		0.000 seconds
		Package Manager init time: 		1.446 seconds
		Asset Database init time: 		0.131 seconds
		Global illumination init time: 	0.002 seconds
		Assemblies load time: 			0.922 seconds
		Unity extensions init time: 	0.004 seconds
		Asset Database refresh time: 	1.514 seconds
	Scene opening time: 			1.310 seconds
##utp:{"type":"ProjectInfo","version":2,"phase":"Immediate","time":1783550787958,"processId":17396,"projectLoad":6.6893263,"projectInit":5.1811591,"templateInit":0.0,"packageManagerInit":1.4463257,"assetDatabaseInit":0.1305042,"globalIlluminationInit":0.0023656,"assembliesLoad":0.9224204,"unityExtensionsInit":0.0040155,"assetDatabaseRefresh":1.5141182,"sceneOpening":1.3104059}
##utp:{"type":"EditorInfo","version":2,"phase":"Immediate","time":1783550787958,"processId":17396,"editorVersion":"6000.5.0f1 (88b47c5e7076)","branch":"6000.5/staging","buildType":"Release","platform":"Windows"}
Worker ready: AssetImportWorkerHW0 0
Asset Pipeline Refresh (id=bfaea45ca795d444eaadfdd4c0dcf268): Total: 0.032 seconds - Initiated by RefreshV2(AllowForceSynchronousImport)
Dynamic Batching is deprecated and will be removed in a future release. Use GPU Instancing instead. Disable Dynamic Batching in Project Settings > Player > Other Settings to remove this warning.
UnityEngine.Debug:ExtractStackTraceNoAlloc (byte*,int,string)
UnityEngine.StackTraceUtility:ExtractStackTrace ()
UnityEngine.DebugLogHandler:Internal_Log (UnityEngine.LogType,UnityEngine.LogOption,string,UnityEngine.Object)
UnityEngine.DebugLogHandler:LogFormat (UnityEngine.LogType,UnityEngine.Object,string,object[])
UnityEngine.Logger:Log (UnityEngine.LogType,object)
UnityEngine.Debug:LogWarning (object)
UnityEditor.PlayerSettingsBatchingWarning:WarnIfDynamicBatchingEnabled ()
UnityEditor.EditorApplication:Internal_CallUpdateFunctions ()

[Licensing::Client] Successfully resolved entitlement details
[Licensing::Client] Successfully resolved entitlement details
[Licensing::Client] Successfully updated the access token
[Licensing::Module] Successfully updated access token: "LMZj0mp3"... (expires: 2026-07-09T00:29:01Z)
Created GICache directory at C:/Users/hassa/AppData/LocalLow/Unity/Caches/GiCache. Took: 0.017s, timestamps: [7.653 - 7.669]
Asset Pipeline Refresh (id=0e62a0de3ca69774ebb4a5451b2dabaf): Total: 0.004 seconds - Initiated by RefreshV2(AllowForceSynchronousImport)
Start Indexing on Editor startup
[Indexing] Starting Initial Indexing for Assets
Android Extension - Scanning For ADB Devices 2241 ms
Android Extension - Scanning For ADB Devices 168 ms
Attempted to call .Dispose on an already disposed CancellationTokenSource
Android Extension - Scanning For ADB Devices 162 ms
Android Extension - Scanning For ADB Devices 153 ms
Starting new worker id: 1 with log in D:/EscapeTheReaper/Logs/AssetImportWorkerHW1.log
[Worker0] Imported GUID: 4be1d8118f74fa54a9ec1d9dcf14a1e3 - Path: Assets/Scenes - Importer: PreviewImporter -> (ImportResultId: '03e8222a8b275019681cf6c1dbf0fdb6') in 0.0074899 seconds
Opening scene 'Assets/Scenes/MainMenu.unity'
Unloading 15 Unused Serialized files (Serialized files now loaded: 0)
Loaded scene 'Assets/Scenes/MainMenu.unity'
	Deserialize:            3.360 ms
	Integration:            10.748 ms
	Integration of assets:  0.011 ms
	Thread Wait Time:       0.016 ms
	Total Operation Time:   14.135 ms
Unloading 1479 unused Assets / (31.5 MB). Loaded Objects now: 2644.
Memory consumption went from 427.4 MB to 395.9 MB.
Total: 14.411800 ms (FindLiveObjects: 0.251100 ms CreateObjectMapping: 0.247900 ms MarkObjects: 9.971300 ms  DeleteObjects: 3.940500 ms)

Worker ready: AssetImportWorkerHW1 1
Reloading assemblies for play mode.
Reloading assemblies after forced synchronous recompile.
Attempted to call .Dispose on an already disposed CancellationTokenSource
Begin MonoManager ReloadAssembly
Native extension for Android target not found
Native extension for UWP target not found
Native extension for WindowsStandalone target not found
ScheduleIndexationOnStartup MainProcess:True IndexOnStartup:True
[MODES] ModeService[none].Initialize
[MODES] ModeService[none].LoadModes
Mono: successfully reloaded assembly
- Finished resetting the current domain, in  1.031 seconds
Domain Reload Profiling: 1502ms
	BeginReloadAssembly (321ms)
		DisableScriptedObjects (76ms)
		CreateAndSetChildDomain (94ms)
	RebuildCommonClasses (8ms)
	RebuildNativeTypeToScriptingClass (15ms)
	initialDomainReloadingComplete (36ms)
	LoadAllAssembliesAndSetupDomain (90ms)
		LoadAssemblies (102ms)
		AnalyzeDomain (7ms)
			TypeCache.Refresh (4ms)
	FinalizeReload (1032ms)
		SetupLoadedEditorAssemblies (0ms)
			InitializePlatformSupportModulesInManaged (12ms)
			BeforeProcessingInitializeOnLoad (80ms)
			ProcessInitializeOnLoadAttributes (81ms)
			ProcessInitializeOnLoadMethodAttributes (85ms)
		AwakeInstancesAfterBackupRestoration (475ms)
No restricted APIs configured; Validation skipped.
Checking 2 assemblies for restricted APIs found 0 usage(s) in 3 ms

Asset Pipeline Refresh (id=97e192f0588570244b5551a9abf8e0fe): Total: 1.655 seconds - Initiated by StopAssetImportingV2(ForceSynchronousImport | ForceDomainReload)
	(Values over 0.05ms)
	Summary:
		Imports: total=0 (actual=0, local cache=0, cache server=0)
		Asset DB Process Time: managed=0 ms, native=1085 ms
		Asset DB Callback time: managed=51 ms, native=25 ms
		Scripting: domain reloads=1, domain reload time=491 ms, compile time=2 ms, other=0 ms
		Project Asset Count: scripts=260, non-scripts=206
		Asset File Changes: new=0, changed=0, moved=0, deleted=0
		Scan Filter Count: 0
	InvokePackagesCallback: 1.537ms
	ApplyChangesToAssetFolders: 0.146ms
	Collect global state as custom dependencies: 0.326ms
	ProcessAssetsWithTransientArtifactChanges: 18.816ms
	CategorizeAssets: 2.317ms
	CompileScripts: 1.917ms
	ImportOutOfDateAssets: 1036.726ms (1034.024ms without children)
		UnloadImportedAssets: 1.444ms
		EnsureUptoDateAssetsAreRegisteredWithGuidPM: 0.066ms
		ImportSchedulerStart: 1.189ms
	PostProcessAllAssets: 67.286ms
		PostProcessCallbackCreateDeferredMaterials 1.629ms
		AssemblyValidation.PostprocessAllAssets 1.502ms
		PostprocessAssetsUpdateCachedIcon 1.396ms
		ShaderAssetModifiedCallback 0.898ms
		ComputeShaderImportPostprocess 0.760ms
		RaytracingShaderImportPostprocess 0.610ms
		SpeedTreeImporter.PostprocessAllAssets 0.499ms
		LocalizationDatabase.AssetDatabasePostprocessCallback 0.360ms
		BlockShaderImporter.PostprocessAllAssets 0.266ms
		XRBuildSystem.XRAssetImported 0.055ms
		MonoPostProcessAllAssets: 49.223ms
			WindowAssetPostprocessingWatcher.OnPostprocessAllAssets 12.418ms
			BuilderAssetPostprocessor.OnPostprocessAllAssets 9.327ms
			AssetPostprocessor.OnPostprocessAllAssets 6.795ms
			AssetChangedListener.OnPostprocessAllAssets 3.069ms
			TextAssetPostProcessor.OnPostprocessAllAssets 2.282ms
			RetainedModeAssetPostprocessor.OnPostprocessAllAssets 1.101ms
			SpeedTree9Postprocessor.OnPostprocessAllAssets 1.021ms
			ArtifactBrowserPostProcessor.OnPostprocessAllAssets 0.635ms
			TMPro_TexturePostProcessor.OnPostprocessAllAssets 0.600ms
			ReferencedClipsPostProcessor.OnPostprocessAllAssets 0.454ms
			AudioMixerPostprocessor.OnPostprocessAllAssets 0.414ms
			StyleCatalogPostProcessor.OnPostprocessAllAssets 0.372ms
			AssetEvents.OnPostprocessAllAssets 0.273ms
			AssetDatabaseCallbacks.OnPostprocessAllAssets 0.239ms
			ConfigAssetsTracker.OnPostprocessAllAssets 0.230ms
			ScenarioDriftAssetsTracker.OnPostprocessAllAssets 0.209ms
			SpeedTreePostProcessor.OnPostprocessAllAssets 0.178ms
			TerrainToolbarOverlayPostProcessor.OnPostprocessAllAssets 0.136ms
			AudioContainerPostProcessor.OnPostprocessAllAssets 0.110ms
			SyncVS.PostprocessSyncProject 0.096ms
			RenderPipelineGlobalSettingsPostprocessor.OnPostprocessAllAssets 0.080ms
	PostAssetChangesProfiler: 8.744ms
	UnloadStreamsBegin: 1.376ms
	GenerateScriptTypeHashes: 0.063ms
	GenerateScriptTypeSerializationHashes: 0.064ms
	Untracked: 511.937ms

Loaded scene 'Temp/__Backupscenes/0.backup'
	Deserialize:            2.586 ms
	Integration:            20.095 ms
	Integration of assets:  0.002 ms
	Thread Wait Time:       0.011 ms
	Total Operation Time:   22.695 ms
[Licensing::Client] Successfully resolved entitlement details
Unloading 53 Unused Serialized files (Serialized files now loaded: 0)
UnloadTime: 2.637600 ms
Loaded scene 'Assets/Scenes/Level1.unity'
	Deserialize:            26.736 ms
	Integration:            14.818 ms
	Integration of assets:  4.393 ms
	Thread Wait Time:       2.191 ms
	Total Operation Time:   48.138 ms
Unloading 990 unused Assets / (2.6 MB). Loaded Objects now: 4403.
Memory consumption went from 399.3 MB to 396.7 MB.
Total: 10.351400 ms (FindLiveObjects: 0.454000 ms CreateObjectMapping: 0.363800 ms MarkObjects: 9.017100 ms  DeleteObjects: 0.516000 ms)

Unloading 5 Unused Serialized files (Serialized files now loaded: 0)
UnloadTime: 1.980400 ms
Loaded scene 'Temp/__Backupscenes/0.backup'
	Deserialize:            2.393 ms
	Integration:            10.199 ms
	Integration of assets:  0.037 ms
	Thread Wait Time:       2.175 ms
	Total Operation Time:   14.804 ms
Unloading 1484 unused Assets / (13.9 MB). Loaded Objects now: 2659.
Memory consumption went from 401.0 MB to 387.1 MB.
Total: 10.526200 ms (FindLiveObjects: 0.232300 ms CreateObjectMapping: 0.222500 ms MarkObjects: 8.993900 ms  DeleteObjects: 1.076800 ms)

Unloading 3 Unused Serialized files (Serialized files now loaded: 0)
Loaded scene 'Temp/__Backupscenes/0.backup'
	Deserialize:            3.249 ms
	Integration:            11.302 ms
	Integration of assets:  0.004 ms
	Thread Wait Time:       0.012 ms
	Total Operation Time:   14.567 ms
Unloading 0 unused Assets / (42.4 KB). Loaded Objects now: 2652.
Memory consumption went from 386.2 MB to 386.2 MB.
Total: 8.294800 ms (FindLiveObjects: 0.244400 ms CreateObjectMapping: 0.138600 ms MarkObjects: 7.902600 ms  DeleteObjects: 0.008000 ms)

MonoPathRemapper: Attempts to remap: 6549; Successful remaps: 1948
Serialized file version minimum: 23, current 23
[LAYOUT] About to save layout D:\EscapeTheReaper\UserSettings\Layouts\default-6000.dwlt
[LAYOUT] About to save layout C:/Users/hassa/AppData/Roaming/Unity/Editor-5.x/Preferences\Layouts\current\default-6000.dwlt
Killing ADB server in 0.0439837 seconds.
[Physics::Module] Cleanup current backend.
[Physics::Module] Id: 0xf2b8ea05
Input System module state changed to: ShutdownInProgress.
Input Polling Thread exited.
Input System module state changed to: Shutdown.
[Licensing::IpcConnector] LicenseClient-hassa-6000.5.0-notifications channel disconnected successfully.
[Licensing::IpcConnector] LicenseClient-hassa-6000.5.0 channel disconnected successfully.
Shut down.
AcceleratorClientConnectionCallback - disconnected - :0
Cleanup mono
CodeReloadManager destroyed
abort_threads: Failed aborting id: 0000000000005DBC, mono_thread_manage will ignore it

abort_threads: Failed aborting id: 0000000000002410, mono_thread_manage will ignore it

abort_threads: Failed aborting id: 0000000000005DBC, mono_thread_manage will ignore it

abort_threads: Failed aborting id: 0000000000002410, mono_thread_manage will ignore it

debugger-agent: Unable to listen on 5036
Checking for leaked weakptr:
  Found no leaked weakptrs.
[Package Manager] Server process was shutdown
##utp:{"type":"MemoryLeaks","version":2,"phase":"Immediate","time":1783550807999,"processId":17396,"allocatedMemory":45651207,"memoryLabels":[{"Default":195943},{"Permanent":15516},{"NewDelete":68385},{"Thread":4211064},{"Manager":32872},{"VertexData":8},{"Geometry":816},{"Texture":24},{"Shader":847285},{"Material":24},{"GfxDevice":62072},{"GfxThread":17664},{"Animation":20408},{"FreeType":8},{"FontEngine":736},{"Physics":2146},{"Physics2D":16},{"Serialization":192848},{"Input":42840},{"JobScheduler":256},{"TextLib":18966},{"Mono":48},{"ScriptingNativeRuntime":689868},{"BaseObject":1727226},{"Resource":1208},{"Renderer":3080},{"Transform":4685},{"File":36668},{"WebCam":616},{"Culling":32},{"Terrain":11442},{"Wind":24},{"STL":40},{"String":9385},{"StaticString":3808},{"Utility":2673346},{"Curl":48},{"PoolAlloc":2168},{"AI":80},{"TypeTree":22885},{"CodeReload":448},{"RuntimeInitializeOnLoadManager":64},{"Sprites":102},{"SpriteAtlas":120},{"GI":7816},{"CloudService":7240},{"WebRequest":7785},{"VR":47114},{"SceneManager":608},{"Video":208},{"LazyScriptCache":32},{"NativeArray":33043808},{"Camera":17},{"Secure":265},{"SerializationCache":1576},{"APIUpdating":10320},{"Subsystems":336},{"VirtualTexturing":57888},{"StaticSafetyDebugInfo":278528},{"Analytics":552},{"Hierarchy":1176},{"UIElements":218040},{"CoreStats":13688},{"Identifiers":13536},{"Gui":161},{"EditorUtility":198652},{"VersionControl":8},{"Undo":931},{"AssetDatabase":787731},{"AssetImporter":40},{"EditorGi":328},{"UnityConnect":35346},{"Upm":1988},{"UpmDiagnostics":8},{"AssetCompliance":64},{"DrivenProperties":72},{"LocalIPC":211},{"ProfilerEditor":9746},{"CoreBusinessMetrics":2892},{"Windowing":456},{"Licensing":664},{"AssetReference":32},{"IPCStream":32}]}
