[Licensing::Module] Trying to connect to existing licensing client channel...
Built from '6000.5/staging' branch; Version is '6000.5.0f1 (88b47c5e7076) revision 8959100'; Using compiler version '194234433'; Build Type 'Release'
[Licensing::IpcConnector] Successfully connected to: "LicenseClient-hassa" at "2026-07-08T22:44:33.3517353Z"
OS: 'Windows 11  (10.0.26200) Professional' Language: 'en' Physical Memory: 32688 MB
BatchMode: 0, IsHumanControllingUs: 1, StartBugReporterOnCrash: 1, Is64bit: 1
System  architecture: x64
Process architecture: x64
Date: 2026-07-08T22:44:33Z

COMMAND LINE ARGUMENTS:
D:\6000.5.0f1\Editor\Unity.exe
-projectpath
D:\EscapeTheReaper
-acceptSoftwareTermsForThisRunOnly
-useHub
-hubIPC
-cloudEnvironment
production
-licensingIpc
LicenseClient-hassa
-hubSessionId
22a0d47d-c3f0-49f6-a8c2-6998fb6985e8
-accessToken
LMZj0mp3Th6L6vSEGzGnKxVTenhoV5HW_DTyj5e8edQ011f
Successfully changed project path to: D:\EscapeTheReaper
D:/EscapeTheReaper
[UnityMemory] Configuration Parameters - Can be set up in boot.config
    "memorysetup-temp-allocator-size-gi-baking-worker=262144"
    "memorysetup-temp-allocator-size-gi-baking-worker=262144"
    "memorysetup-temp-allocator-size-gi-baking-worker=262144"
    "memorysetup-temp-allocator-size-gi-baking-worker=262144"
    "memorysetup-temp-allocator-size-gi-baking-worker=262144"
    "memorysetup-temp-allocator-size-nav-mesh-worker=65536"
    "memorysetup-temp-allocator-size-audio-worker=65536"
    "memorysetup-temp-allocator-size-cloud-worker=32768"
    "memorysetup-temp-allocator-size-gfx=262144"
    "memorysetup-temp-allocator-size-preload-manager=33554432"
    "memorysetup-allocator-temp-initial-block-size-main=262144"
    "memorysetup-allocator-temp-initial-block-size-worker=262144"
    "memorysetup-temp-allocator-size-job-worker=262144"
    "memorysetup-temp-allocator-size-background-worker=32768"
    "memorysetup-bucket-allocator-granularity=16"
    "memorysetup-bucket-allocator-bucket-count=8"
    "memorysetup-bucket-allocator-block-size=33554432"
    "memorysetup-bucket-allocator-block-count=8"
    "memorysetup-main-allocator-block-size=16777216"
    "memorysetup-thread-allocator-block-size=16777216"
    "memorysetup-main-allocator-mimalloc-enabled=0"
    "memorysetup-gfx-main-allocator-block-size=16777216"
    "memorysetup-gfx-thread-allocator-block-size=16777216"
    "memorysetup-cache-allocator-block-size=4194304"
    "memorysetup-typetree-allocator-block-size=2097152"
    "memorysetup-profiler-bucket-allocator-granularity=16"
    "memorysetup-profiler-bucket-allocator-bucket-count=8"
    "memorysetup-profiler-bucket-allocator-block-size=33554432"
    "memorysetup-profiler-bucket-allocator-block-count=8"
    "memorysetup-profiler-allocator-block-size=16777216"
    "memorysetup-profiler-editor-allocator-block-size=1048576"
    "memorysetup-temp-allocator-size-main=16777216"
    "memorysetup-job-temp-allocator-block-size=2097152"
    "memorysetup-job-temp-allocator-block-size-background=1048576"
    "memorysetup-job-temp-allocator-reduction-small-platforms=262144"
Player connection [5968]  Target information:

Player connection [5968]  * "[IP] 192.168.1.14 [Port] 55504 [Flags] 2 [Guid] 956579965 [EditorId] 956579965 [Version] 1048832 [Id] WindowsEditor(7,HassaanX) [Debug] 1 [PackageName] WindowsEditor [ProjectName] Editor" 

Player connection [5968] Host joined multi-casting on [225.0.0.222:54997]...
Player connection [5968] Host joined alternative multi-casting on [225.0.0.222:34997]...
Input System module state changed to: Initialized.
[Physics::Module] Initialized fallback backend.
[Physics::Module] Id: 0xdecafbad
[Licensing::Client] Error: HandshakeResponse reported an error:
	ResponseCode: 505
	ResponseStatus: Unsupported protocol version '1.18.1'.
[Licensing::Module] Error: Failed to handshake to channel: "LicenseClient-hassa"
[Licensing::IpcConnector] LicenseClient-hassa channel disconnected successfully.
[Licensing::IpcConnector] Channel LicenseClient-hassa-6000.5.0 doesn't exist
[Licensing::Module] Successfully launched the LicensingClient (PId: 15188)
[Package Manager] Connected to IPC stream "Upm-5760" after 0.3 seconds.
[Licensing::Module] Licensing is not yet initialized.
Starting IPC server.
Waiting for clients to connect on \\.\pipe\Unity-LicenseClient-hassa-6000.5.0, press Ctrl-C to exit.
[Licensing::IpcConnector] Successfully connected to: "LicenseClient-hassa-6000.5.0" at "2026-07-08T22:44:35.7275981Z"
[Licensing::Client] Code 10 while verifying Licensing Client signature (process Id: 15188, path: "D:/6000.5.0f1/Editor/Data/Resources/Licensing/Client/Unity.Licensing.Client.exe")
[Licensing::Module] LicensingClient has failed validation; ignoring
[Licensing::Client] Handshaking with LicensingClient:
  Version:                 1.18.1+9fbee8e
  Session Id:              46d9b267918f4ad285183b0ecdc004fe
  Correlation Id:          9e59e91f70add548b322f934454d3441
  External correlation Id: 1336624391801081770
  Machine Id:              MzkA8d+wzBer9AGdVk9PyLgGwKY=
[Licensing::Module] Successfully connected to LicensingClient on channel: "LicenseClient-hassa-6000.5.0" (connect: 0.56s, validation: 0.05s, handshake: 0.01s)
[Licensing::IpcConnector] Successfully connected to: "LicenseClient-hassa-6000.5.0-notifications" at "2026-07-08T22:44:35.7827923Z"
[Licensing::Module] Connected to LicensingClient (PId: 15188, launch time: 0.05, total connection time: 0.62s)
[Licensing::Client] Successfully updated the access token
[Licensing::Module] Successfully updated the access token LMZj0mp3Th...
[Licensing::Client] Successfully resolved entitlement details
[Licensing::Module] License group:
  Id: 18968397536324-UnityPersXXXX
  Product: Unity Personal
  Type: Assigned
  Expiration: Unlimited
[Licensing::Client] Successfully updated license, isAsync: True, time: 0.01
[Licensing::Client] Successfully resolved entitlement details
[Licensing::Module] Licensing Background thread has ended after 2.46s
[Licensing::Module] Licensing is initialized (took 0.54s).
[Licensing::Client] Successfully resolved entitlement details
Library Redirect Path: Library/
[Physics::Module] Selected backend.
[Physics::Module] Name: PhysX
[Physics::Module] Id: 0xf2b8ea05
[Physics::Module] SDK Version: 4.1.2
[Physics::Module] Integration Version: 1.0.0
[Physics::Module] Threading Mode: Multi-Threaded
Initialize engine version: 6000.5.0f1 (88b47c5e7076)
[Subsystems] Discovering subsystems at path D:/6000.5.0f1/Editor/Data/Resources/UnitySubsystems
[Subsystems] Discovering subsystems at path D:/EscapeTheReaper/Assets
[D3D12 Device Filter] Vendor Name: NVIDIA
[D3D12 Device Filter] Device Name: NVIDIA GeForce RTX 5060
[D3D12 Device Filter] Driver Version: 32.0.16.1062
[D3D12 Device Filter] Feature Level: 12.2
[D3D12 Device Filter] Graphics Memory: 7896 MB
[D3D12 Device Filter] Processor Count: 12
[D3D12 Device Filter] Device Type: Discrete
GfxDevice: creating device client; kGfxThreadingModeSplitJobs
d3d12: failed to query info queue interface (0x80004002).
Direct3D:
    Version:         Direct3D 12 [level 12.2]
    Renderer:        NVIDIA GeForce RTX 5060 (ID=0x2d05)
    Vendor:          NVIDIA
    VRAM:            7896 MB
    App VRAM Budget: 7128 MB
    Driver:          32.0.16.1062
Initialize mono
Mono path[0] = 'D:/6000.5.0f1/Editor/Data/Managed'
Mono path[1] = 'D:/6000.5.0f1/Editor/Data/BCLExtensions/runtime/netstandard2.1'
Mono path[2] = 'D:/6000.5.0f1/Editor/Data/MonoBleedingEdge/lib/mono/unityjit-win32'
Mono config path = 'D:/6000.5.0f1/Editor/Data/MonoBleedingEdge/etc'
Using monoOptions --debugger-agent=transport=dt_socket,embedding=1,server=y,suspend=n,address=127.0.0.1:56760
CodeReloadManager initialized
ImportWorker Server TCP listen port: 0
AcceleratorClientConnectionCallback - disconnected - :0
Begin MonoManager ReloadAssembly
Registering precompiled unity dll's ...
Register platform support module: D:/6000.5.0f1/Editor/Data/PlaybackEngines/WindowsStandaloneSupport/UnityEditor.WindowsStandalone.Extensions.dll
[Licensing::Client] Successfully resolved entitlement details
Register platform support module: D:/6000.5.0f1/Editor/Data/PlaybackEngines/MetroSupport/UnityEditor.UWP.Extensions.dll
[Licensing::Client] Successfully resolved entitlement details
Register platform support module: D:/6000.5.0f1/Editor/Data/PlaybackEngines/AndroidPlayer/UnityEditor.Android.Extensions.dll
Registered in 0.010341 seconds.
Native extension for Android target not found
Native extension for UWP target not found
Native extension for WindowsStandalone target not found
Package Manager log level set to [2]
ScheduleIndexationOnStartup MainProcess:False IndexOnStartup:True
Mono: successfully reloaded assembly
- Finished resetting the current domain, in  0.523 seconds
Domain Reload Profiling: 1146ms
	BeginReloadAssembly (168ms)
		CreateAndSetChildDomain (21ms)
	RebuildCommonClasses (7ms)
	RebuildNativeTypeToScriptingClass (25ms)
	initialDomainReloadingComplete (89ms)
	LoadAllAssembliesAndSetupDomain (331ms)
		LoadAssemblies (147ms)
		AnalyzeDomain (241ms)
			TypeCache.Refresh (240ms)
				TypeCache.ScanAssembly (224ms)
	FinalizeReload (526ms)
		SetupLoadedEditorAssemblies (0ms)
			InitializePlatformSupportModulesInManaged (95ms)
			BeforeProcessingInitializeOnLoad (105ms)
			ProcessInitializeOnLoadAttributes (120ms)
			ProcessInitializeOnLoadMethodAttributes (121ms)
[Licensing::Client] Successfully resolved entitlement details
Application.AssetDatabase Initial Refresh Start
[Package Manager] Restoring resolved packages state from cache
[Licensing::Client] Successfully resolved entitlement details
[Package Manager] Registered 35 packages:
  Packages from [https://packages.unity.com]:
    com.unity.ide.visualstudio@2.0.22 (location: D:\EscapeTheReaper\Library\PackageCache\com.unity.ide.visualstudio@8140e851d83e)
    com.unity.ide.rider@3.0.31 (location: D:\EscapeTheReaper\Library\PackageCache\com.unity.ide.rider@7921be93db40)
  Built-in packages:
    com.unity.ugui@2.5.0 (location: D:\EscapeTheReaper\Library\PackageCache\com.unity.ugui@4f9b15fd1386)
    com.unity.test-framework@1.7.0 (location: D:\EscapeTheReaper\Library\PackageCache\com.unity.test-framework@f3e6c9a02477)
    com.unity.modules.ai@1.0.0 (location: D:\EscapeTheReaper\Library\PackageCache\com.unity.modules.ai)
    com.unity.modules.androidjni@1.0.0 (location: D:\EscapeTheReaper\Library\PackageCache\com.unity.modules.androidjni)
    com.unity.modules.animation@1.0.0 (location: D:\EscapeTheReaper\Library\PackageCache\com.unity.modules.animation)
    com.unity.modules.assetbundle@1.0.0 (location: D:\EscapeTheReaper\Library\PackageCache\com.unity.modules.assetbundle)
    com.unity.modules.audio@1.0.0 (location: D:\EscapeTheReaper\Library\PackageCache\com.unity.modules.audio)
    com.unity.modules.cloth@1.0.0 (location: D:\EscapeTheReaper\Library\PackageCache\com.unity.modules.cloth)
    com.unity.modules.director@1.0.0 (location: D:\EscapeTheReaper\Library\PackageCache\com.unity.modules.director)
    com.unity.modules.imageconversion@1.0.0 (location: D:\EscapeTheReaper\Library\PackageCache\com.unity.modules.imageconversion)
    com.unity.modules.imgui@1.0.0 (location: D:\EscapeTheReaper\Library\PackageCache\com.unity.modules.imgui)
    com.unity.modules.jsonserialize@1.0.0 (location: D:\EscapeTheReaper\Library\PackageCache\com.unity.modules.jsonserialize)
    com.unity.modules.particlesystem@1.0.0 (location: D:\EscapeTheReaper\Library\PackageCache\com.unity.modules.particlesystem)
    com.unity.modules.physics@1.0.0 (location: D:\EscapeTheReaper\Library\PackageCache\com.unity.modules.physics)
    com.unity.modules.physics2d@1.0.0 (location: D:\EscapeTheReaper\Library\PackageCache\com.unity.modules.physics2d)
    com.unity.modules.screencapture@1.0.0 (location: D:\EscapeTheReaper\Library\PackageCache\com.unity.modules.screencapture)
    com.unity.modules.terrain@1.0.0 (location: D:\EscapeTheReaper\Library\PackageCache\com.unity.modules.terrain)
    com.unity.modules.terrainphysics@1.0.0 (location: D:\EscapeTheReaper\Library\PackageCache\com.unity.modules.terrainphysics)
    com.unity.modules.tilemap@1.0.0 (location: D:\EscapeTheReaper\Library\PackageCache\com.unity.modules.tilemap)
    com.unity.modules.ui@1.0.0 (location: D:\EscapeTheReaper\Library\PackageCache\com.unity.modules.ui)
    com.unity.modules.uielements@1.0.0 (location: D:\EscapeTheReaper\Library\PackageCache\com.unity.modules.uielements)
    com.unity.modules.umbra@1.0.0 (location: D:\EscapeTheReaper\Library\PackageCache\com.unity.modules.umbra)
    com.unity.modules.unitywebrequest@1.0.0 (location: D:\EscapeTheReaper\Library\PackageCache\com.unity.modules.unitywebrequest)
    com.unity.modules.unitywebrequestassetbundle@1.0.0 (location: D:\EscapeTheReaper\Library\PackageCache\com.unity.modules.unitywebrequestassetbundle)
    com.unity.modules.unitywebrequestaudio@1.0.0 (location: D:\EscapeTheReaper\Library\PackageCache\com.unity.modules.unitywebrequestaudio)
    com.unity.modules.unitywebrequesttexture@1.0.0 (location: D:\EscapeTheReaper\Library\PackageCache\com.unity.modules.unitywebrequesttexture)
    com.unity.modules.unitywebrequestwww@1.0.0 (location: D:\EscapeTheReaper\Library\PackageCache\com.unity.modules.unitywebrequestwww)
    com.unity.modules.vehicles@1.0.0 (location: D:\EscapeTheReaper\Library\PackageCache\com.unity.modules.vehicles)
    com.unity.modules.video@1.0.0 (location: D:\EscapeTheReaper\Library\PackageCache\com.unity.modules.video)
    com.unity.modules.wind@1.0.0 (location: D:\EscapeTheReaper\Library\PackageCache\com.unity.modules.wind)
    com.unity.modules.hierarchycore@1.0.0 (location: D:\EscapeTheReaper\Library\PackageCache\com.unity.modules.hierarchycore)
    com.unity.modules.physicscore2d@1.0.0 (location: D:\EscapeTheReaper\Library\PackageCache\com.unity.modules.physicscore2d)
    com.unity.ext.nunit@2.1.0 (location: D:\EscapeTheReaper\Library\PackageCache\com.unity.ext.nunit@44f7d31723bd)
[Subsystems] No new subsystems found in resolved package list.
[Package Manager] Done registering packages in 0.02 seconds
info: Microsoft.Hosting.Lifetime[14]
      Now listening on: http://localhost:80
info: Microsoft.Hosting.Lifetime[0]
      Application started. Press Ctrl+C to shut down.
info: Microsoft.Hosting.Lifetime[0]
      Hosting environment: Production
info: Microsoft.Hosting.Lifetime[0]
      Content root path: D:\EscapeTheReaper
info: Microsoft.AspNetCore.Hosting.Diagnostics[1]
      Request starting HTTP/2 POST http://ilpp/UnityILPP.PostProcessing/Ping - application/grpc -
info: Microsoft.AspNetCore.Routing.EndpointMiddleware[0]
      Executing endpoint 'gRPC - /UnityILPP.PostProcessing/Ping'
info: Microsoft.AspNetCore.Routing.EndpointMiddleware[1]
      Executed endpoint 'gRPC - /UnityILPP.PostProcessing/Ping'
info: Microsoft.AspNetCore.Hosting.Diagnostics[2]
      Request finished HTTP/2 POST http://ilpp/UnityILPP.PostProcessing/Ping - 200 - application/grpc 25.1653ms
Starting: D:\6000.5.0f1\Editor\Data\Tools\BuildPipeline\bee_backend.exe --ipc --defer-dag-verification --dagfile="Library/Bee/1900b0aE.dag" --continue-on-failure --profile="Library/Bee/backend1.traceevents" ScriptAssemblies
WorkingDir: D:/EscapeTheReaper
ExitCode: 0 Duration: 0s115ms
*** Tundra build success (0.04 seconds), 0 items updated, 261 evaluated
AssetDatabase: script compilation time: 0.693888s
Begin MonoManager ReloadAssembly
Native extension for Android target not found
Native extension for UWP target not found
Native extension for WindowsStandalone target not found
ScheduleIndexationOnStartup MainProcess:True IndexOnStartup:True
Mono: successfully reloaded assembly
- Finished resetting the current domain, in  0.470 seconds
Domain Reload Profiling: 1132ms
	BeginReloadAssembly (326ms)
		DisableScriptedObjects (21ms)
		CreateAndSetChildDomain (160ms)
	RebuildCommonClasses (9ms)
	RebuildNativeTypeToScriptingClass (15ms)
	initialDomainReloadingComplete (42ms)
	LoadAllAssembliesAndSetupDomain (267ms)
		LoadAssemblies (235ms)
		AnalyzeDomain (47ms)
			TypeCache.Refresh (30ms)
				TypeCache.ScanAssembly (22ms)
			BuildScriptInfoCaches (11ms)
	FinalizeReload (472ms)
		SetupLoadedEditorAssemblies (0ms)
			InitializePlatformSupportModulesInManaged (13ms)
			BeforeProcessingInitializeOnLoad (83ms)
			ProcessInitializeOnLoadAttributes (102ms)
			ProcessInitializeOnLoadMethodAttributes (89ms)
			AfterProcessingInitializeOnLoad (3ms)
		AwakeInstancesAfterBackupRestoration (28ms)
Starting new worker id: 0 with log in D:/EscapeTheReaper/Logs/AssetImportWorkerHW0.log

Asset Pipeline Refresh (id=8f9aa42a3b85b204b93e4d060227cf1a): Total: 2.097 seconds - Initiated by InitialRefreshV2(ForceSynchronousImport)
	(Values over 0.05ms)
	Summary:
		Imports: total=0 (actual=0, local cache=0, cache server=0)
		Asset DB Process Time: managed=0 ms, native=667 ms
		Asset DB Callback time: managed=21 ms, native=20 ms
		Scripting: domain reloads=1, domain reload time=681 ms, compile time=697 ms, other=9 ms
		Project Asset Count: scripts=261, non-scripts=206
		Asset File Changes: new=0, changed=0, moved=0, deleted=0
		Scan Filter Count: 0
	InvokePackagesCallback: 22.192ms
	ApplyChangesToAssetFolders: 0.569ms
	Scan: 75.393ms
	Collect global state as custom dependencies: 1.348ms
	CategorizeScriptCompilationAssets: 7.811ms
	ProcessAssetsWithTransientArtifactChanges: 13.394ms
	CategorizeAssets: 4.431ms
	CompileScripts: 696.778ms
	ImportOutOfDateAssets: 494.140ms (475.881ms without children)
		UnloadImportedAssets: 0.089ms
		EnsureUptoDateAssetsAreRegisteredWithGuidPM: 0.091ms
		ImportSchedulerStart: 18.073ms
	PostProcessAllAssets: 21.805ms
		MonoPostProcessAllAssets: 21.712ms
			WindowAssetPostprocessingWatcher.OnPostprocessAllAssets 9.468ms
			SpeedTree9Postprocessor.OnPostprocessAllAssets 0.762ms
			ReferencedClipsPostProcessor.OnPostprocessAllAssets 0.494ms
			AssetDatabaseCallbacks.OnPostprocessAllAssets 0.239ms
			TerrainToolbarOverlayPostProcessor.OnPostprocessAllAssets 0.222ms
			RenderPipelineGlobalSettingsPostprocessor.OnPostprocessAllAssets 0.103ms
			SyncVS.PostprocessSyncProject 0.091ms
	UnloadStreamsBegin: 1.843ms
	GenerateScriptTypeHashes: 0.141ms
	GenerateScriptTypeSerializationHashes: 0.142ms
	Untracked: 753.274ms

Application.AssetDatabase Initial Refresh End
Launched and connected shader compiler UnityShaderCompiler.exe after 0.03 seconds
Scanning for USB devices : 15.511ms
Initializing Unity extensions:
[MODES] ModeService[none].Initialize
[MODES] ModeService[none].LoadModes
[MODES] Loading mode Default (0) for mode-current-id-Escape the Reaper
Worker ready: AssetImportWorkerHW0 0
Unloading 13 Unused Serialized files (Serialized files now loaded: 0)
Loaded scene 'Assets/Scenes/Level3.unity'
	Deserialize:            29.633 ms
	Integration:            92.750 ms
	Integration of assets:  3.804 ms
	Thread Wait Time:       0.016 ms
	Total Operation Time:   126.203 ms
Unloading 870 unused Assets / (0.9 MB). Loaded Objects now: 3415.
Memory consumption went from 221.5 MB to 220.6 MB.
Total: 6.788000 ms (FindLiveObjects: 0.209500 ms CreateObjectMapping: 1.008200 ms MarkObjects: 4.856300 ms  DeleteObjects: 0.478400 ms)

[LAYOUT] About to load UserSettings\Layouts\default-6000.dwlt, keepMainWindow=False
[LAYOUT] About to save layout D:\EscapeTheReaper\UserSettings\Layouts\default-6000.dwlt
[LAYOUT] About to save layout C:/Users/hassa/AppData/Roaming/Unity/Editor-5.x/Preferences\Layouts\current\default-6000.dwlt
[MODES] ModeService[default].InitializeCurrentMode
[MODES] ModeService[default].RaiseModeChanged(default, default)
This project uses Input Manager, which is marked for deprecation. To manage input in your project, use the <a href="https://docs.unity3d.com/Packages/com.unity.inputsystem@latest">Input System package</a> instead.
<RI> Initializing input.
<RI> Input initialized.
[Project] Loading completed in 10.063 seconds
	Project init time: 				7.291 seconds
		Template init time: 		0.000 seconds
		Package Manager init time: 		0.887 seconds
		Asset Database init time: 		0.200 seconds
		Global illumination init time: 	0.012 seconds
		Assemblies load time: 			1.300 seconds
		Unity extensions init time: 	0.004 seconds
		Asset Database refresh time: 	2.097 seconds
	Scene opening time: 			2.625 seconds
##utp:{"type":"ProjectInfo","version":2,"phase":"Immediate","time":1783550683401,"processId":5760,"projectLoad":10.0625372,"projectInit":7.2906938,"templateInit":0.0,"packageManagerInit":0.8868106,"assetDatabaseInit":0.1998277,"globalIlluminationInit":0.0119507,"assembliesLoad":1.2995808,"unityExtensionsInit":0.0040673,"assetDatabaseRefresh":2.0972017,"sceneOpening":2.6249783}
##utp:{"type":"EditorInfo","version":2,"phase":"Immediate","time":1783550683401,"processId":5760,"editorVersion":"6000.5.0f1 (88b47c5e7076)","branch":"6000.5/staging","buildType":"Release","platform":"Windows"}
Asset Pipeline Refresh (id=67db318e7fb21f14b969ca6e20b644ec): Total: 0.027 seconds - Initiated by RefreshV2(AllowForceSynchronousImport)
Dynamic Batching is deprecated and will be removed in a future release. Use GPU Instancing instead. Disable Dynamic Batching in Project Settings > Player > Other Settings to remove this warning.
UnityEngine.Debug:ExtractStackTraceNoAlloc (byte*,int,string)
UnityEngine.StackTraceUtility:ExtractStackTrace ()
UnityEngine.DebugLogHandler:Internal_Log (UnityEngine.LogType,UnityEngine.LogOption,string,UnityEngine.Object)
UnityEngine.DebugLogHandler:LogFormat (UnityEngine.LogType,UnityEngine.Object,string,object[])
UnityEngine.Logger:Log (UnityEngine.LogType,object)
UnityEngine.Debug:LogWarning (object)
UnityEditor.PlayerSettingsBatchingWarning:WarnIfDynamicBatchingEnabled ()
UnityEditor.EditorApplication:Internal_CallUpdateFunctions ()

[Licensing::Client] Successfully resolved entitlement details
[Licensing::Client] Successfully updated the access token
[Licensing::Module] Successfully updated access token: "LMZj0mp3"... (expires: 2026-07-09T00:29:01Z)
[Licensing::Client] Successfully resolved entitlement details
Created GICache directory at C:/Users/hassa/AppData/LocalLow/Unity/Caches/GiCache. Took: 0.036s, timestamps: [11.639 - 11.675]
Android Extension - Scanning For ADB Devices 2291 ms
Android Extension - Scanning For ADB Devices 186 ms
Attempted to call .Dispose on an already disposed CancellationTokenSource
Android Extension - Scanning For ADB Devices 167 ms
Android Extension - Scanning For ADB Devices 157 ms
Asset Pipeline Refresh (id=f1b2ec762183c634bb8ad0a9f8509d77): Total: 0.005 seconds - Initiated by RefreshV2(AllowForceSynchronousImport)
Start Indexing on Editor startup
[Indexing] Starting Initial Indexing for Assets
[ScriptCompilation] Requested script compilation because: AssetDatabase observed changes in script compilation related files
Asset Pipeline Refresh (id=a92afdd9e7072f548bbe778893c7b989): Total: 0.061 seconds - Initiated by StopAssetImportingV2(NoUpdateAssetOptions)
info: Microsoft.AspNetCore.Hosting.Diagnostics[1]
      Request starting HTTP/2 POST http://ilpp/UnityILPP.PostProcessing/Ping - application/grpc -
info: Microsoft.AspNetCore.Routing.EndpointMiddleware[0]
      Executing endpoint 'gRPC - /UnityILPP.PostProcessing/Ping'
info: Microsoft.AspNetCore.Routing.EndpointMiddleware[1]
      Executed endpoint 'gRPC - /UnityILPP.PostProcessing/Ping'
info: Microsoft.AspNetCore.Hosting.Diagnostics[2]
      Request finished HTTP/2 POST http://ilpp/UnityILPP.PostProcessing/Ping - 200 - application/grpc 1.8211ms
Starting: D:\6000.5.0f1\Editor\Data\Tools\BuildPipeline\bee_backend.exe --ipc --defer-dag-verification --dagfile="Library/Bee/1900b0aE.dag" --continue-on-failure --profile="Library/Bee/backend1.traceevents" ScriptAssemblies
WorkingDir: D:/EscapeTheReaper
ExitCode: 4 Duration: 2s729ms
Rebuilding DAG because FileSignature timestamp changed: Library/Bee/1900b0aE-inputdata.json
*** Tundra requires additional run (2.69 seconds), 1 items updated, 257 evaluated
Starting: D:\6000.5.0f1\Editor\Data\netcorerun\netcorerun.exe "D:\6000.5.0f1\Editor\Data\Tools\BuildPipeline\ScriptCompilationBuildProgram.exe" "Library/Bee/1900b0aE.dag.json" "Library/Bee/1900b0aE-inputdata.json" "Library\Bee\buildprogram0.traceevents"
WorkingDir: D:/EscapeTheReaper
ExitCode: 0 Duration: 2s861ms
Starting: D:\6000.5.0f1\Editor\Data\Tools\BuildPipeline\bee_backend.exe --ipc --defer-dag-verification --dagfile="Library/Bee/1900b0aE.dag" --continue-on-failure --dagfilejson="Library\Bee\1900b0aE.dag.json" --profile="Library/Bee/backend2.traceevents" ScriptAssemblies
WorkingDir: D:/EscapeTheReaper
ExitCode: 0 Duration: 0s73ms
Finished compiling graph: 256 nodes, 2380 flattened edges (2246 ToBuild, 22 ToUse), maximum node priority 120
[           0s] Delete 5 artifact files that are no longer in use. (like Library\Bee\artifacts\1900b0aE.dag\Assembly-CSharp-Editor.rsp)
*** Tundra build success (0.05 seconds), 0 items updated, 253 evaluated
Reloading assemblies after forced synchronous recompile.
Attempted to call .Dispose on an already disposed CancellationTokenSource
Begin MonoManager ReloadAssembly
Total cache size 62865172
Total cache size after purge 62865172, took 00:00:00.1013745
Native extension for Android target not found
Native extension for UWP target not found
Native extension for WindowsStandalone target not found
[MODES] ModeService[none].Initialize
[MODES] ModeService[none].LoadModes
ScheduleIndexationOnStartup MainProcess:True IndexOnStartup:True
Mono: successfully reloaded assembly
- Finished resetting the current domain, in  1.198 seconds
Domain Reload Profiling: 1753ms
	BeginReloadAssembly (388ms)
		DisableScriptedObjects (103ms)
		CreateAndSetChildDomain (98ms)
	RebuildCommonClasses (9ms)
	RebuildNativeTypeToScriptingClass (14ms)
	initialDomainReloadingComplete (37ms)
	LoadAllAssembliesAndSetupDomain (107ms)
		LoadAssemblies (107ms)
		AnalyzeDomain (23ms)
			TypeCache.Refresh (4ms)
			BuildScriptInfoCaches (16ms)
	FinalizeReload (1199ms)
		SetupLoadedEditorAssemblies (0ms)
			InitializePlatformSupportModulesInManaged (13ms)
			BeforeProcessingInitializeOnLoad (147ms)
			ProcessInitializeOnLoadAttributes (91ms)
			ProcessInitializeOnLoadMethodAttributes (79ms)
		AwakeInstancesAfterBackupRestoration (520ms)

Asset Pipeline Refresh (id=d0354f6f79c2de448a65200d82ebf41c): Total: 7.426 seconds - Initiated by RefreshV2(ForceSynchronousImport)
	(Values over 0.05ms)
	Summary:
		Imports: total=0 (actual=0, local cache=0, cache server=0)
		Asset DB Process Time: managed=0 ms, native=1230 ms
		Asset DB Callback time: managed=20 ms, native=0 ms
		Scripting: domain reloads=1, domain reload time=584 ms, compile time=5590 ms, other=0 ms
		Project Asset Count: scripts=260, non-scripts=206
		Asset File Changes: new=0, changed=0, moved=0, deleted=0
		Scan Filter Count: 0
	InvokePackagesCallback: 1.596ms
	ApplyChangesToAssetFolders: 0.168ms
	Scan: 4.918ms
	Collect global state as custom dependencies: 0.141ms
	ProcessAssetsWithTransientArtifactChanges: 0.709ms
	CategorizeAssets: 2.444ms
	CompileScripts: 5590.032ms
	ImportOutOfDateAssets: 1203.253ms (1200.351ms without children)
		UnloadImportedAssets: 1.371ms
		EnsureUptoDateAssetsAreRegisteredWithGuidPM: 0.058ms
		ImportSchedulerStart: 1.465ms
	PostProcessAllAssets: 20.299ms
		MonoPostProcessAllAssets: 20.294ms
			WindowAssetPostprocessingWatcher.OnPostprocessAllAssets 9.780ms
			AssetPostprocessor.OnPostprocessAllAssets 9.310ms
			BuilderAssetPostprocessor.OnPostprocessAllAssets 8.488ms
			RetainedModeAssetPostprocessor.OnPostprocessAllAssets 1.834ms
			SpeedTree9Postprocessor.OnPostprocessAllAssets 0.994ms
			ArtifactBrowserPostProcessor.OnPostprocessAllAssets 0.819ms
			AudioMixerPostprocessor.OnPostprocessAllAssets 0.621ms
			AssetChangedListener.OnPostprocessAllAssets 0.525ms
			ReferencedClipsPostProcessor.OnPostprocessAllAssets 0.443ms
			TextAssetPostProcessor.OnPostprocessAllAssets 0.437ms
			TMPro_TexturePostProcessor.OnPostprocessAllAssets 0.406ms
			StyleCatalogPostProcessor.OnPostprocessAllAssets 0.358ms
			AssetEvents.OnPostprocessAllAssets 0.334ms
			SpeedTreePostProcessor.OnPostprocessAllAssets 0.246ms
			ConfigAssetsTracker.OnPostprocessAllAssets 0.242ms
			ScenarioDriftAssetsTracker.OnPostprocessAllAssets 0.221ms
			AssetDatabaseCallbacks.OnPostprocessAllAssets 0.211ms
			TerrainToolbarOverlayPostProcessor.OnPostprocessAllAssets 0.181ms
			AudioContainerPostProcessor.OnPostprocessAllAssets 0.145ms
			SyncVS.PostprocessSyncProject 0.128ms
			RenderPipelineGlobalSettingsPostprocessor.OnPostprocessAllAssets 0.105ms
	UnloadStreamsBegin: 0.068ms
	GenerateScriptTypeHashes: 0.078ms
	GenerateScriptTypeSerializationHashes: 0.078ms
	Untracked: 599.290ms

[Licensing::Client] Successfully resolved entitlement details
Reloading assemblies for play mode.
Reloading assemblies after forced synchronous recompile.
Begin MonoManager ReloadAssembly
Native extension for Android target not found
Native extension for UWP target not found
Native extension for WindowsStandalone target not found
ScheduleIndexationOnStartup MainProcess:True IndexOnStartup:True
[MODES] ModeService[none].Initialize
[MODES] ModeService[none].LoadModes
Mono: successfully reloaded assembly
- Finished resetting the current domain, in  1.262 seconds
Domain Reload Profiling: 1791ms
	BeginReloadAssembly (362ms)
		DisableScriptedObjects (101ms)
		CreateAndSetChildDomain (98ms)
	RebuildCommonClasses (10ms)
	RebuildNativeTypeToScriptingClass (16ms)
	initialDomainReloadingComplete (40ms)
	LoadAllAssembliesAndSetupDomain (99ms)
		LoadAssemblies (113ms)
		AnalyzeDomain (7ms)
			TypeCache.Refresh (3ms)
	FinalizeReload (1263ms)
		SetupLoadedEditorAssemblies (0ms)
			InitializePlatformSupportModulesInManaged (12ms)
			BeforeProcessingInitializeOnLoad (84ms)
			ProcessInitializeOnLoadAttributes (88ms)
			ProcessInitializeOnLoadMethodAttributes (97ms)
		AwakeInstancesAfterBackupRestoration (613ms)

Asset Pipeline Refresh (id=63151da103a9d4641a62c154f0134ddf): Total: 1.870 seconds - Initiated by StopAssetImportingV2(ForceSynchronousImport | ForceDomainReload)
	(Values over 0.05ms)
	Summary:
		Imports: total=0 (actual=0, local cache=0, cache server=0)
		Asset DB Process Time: managed=0 ms, native=1299 ms
		Asset DB Callback time: managed=20 ms, native=0 ms
		Scripting: domain reloads=1, domain reload time=547 ms, compile time=3 ms, other=0 ms
		Project Asset Count: scripts=260, non-scripts=206
		Asset File Changes: new=0, changed=0, moved=0, deleted=0
		Scan Filter Count: 0
	InvokePackagesCallback: 1.658ms
	ApplyChangesToAssetFolders: 0.443ms
	Collect global state as custom dependencies: 0.115ms
	CategorizeAssets: 2.499ms
	CompileScripts: 2.699ms
	ImportOutOfDateAssets: 1267.079ms (1265.503ms without children)
		UnloadImportedAssets: 0.130ms
		EnsureUptoDateAssetsAreRegisteredWithGuidPM: 0.077ms
		ImportSchedulerStart: 1.354ms
	PostProcessAllAssets: 20.144ms
		MonoPostProcessAllAssets: 20.139ms
			AssetPostprocessor.OnPostprocessAllAssets 9.310ms
			WindowAssetPostprocessingWatcher.OnPostprocessAllAssets 9.226ms
			BuilderAssetPostprocessor.OnPostprocessAllAssets 8.488ms
			RetainedModeAssetPostprocessor.OnPostprocessAllAssets 1.834ms
			ArtifactBrowserPostProcessor.OnPostprocessAllAssets 0.819ms
			SpeedTree9Postprocessor.OnPostprocessAllAssets 0.758ms
			AudioMixerPostprocessor.OnPostprocessAllAssets 0.621ms
			AssetChangedListener.OnPostprocessAllAssets 0.525ms
			ReferencedClipsPostProcessor.OnPostprocessAllAssets 0.466ms
			TextAssetPostProcessor.OnPostprocessAllAssets 0.437ms
			TMPro_TexturePostProcessor.OnPostprocessAllAssets 0.406ms
			StyleCatalogPostProcessor.OnPostprocessAllAssets 0.358ms
			AssetEvents.OnPostprocessAllAssets 0.334ms
			SpeedTreePostProcessor.OnPostprocessAllAssets 0.246ms
			ConfigAssetsTracker.OnPostprocessAllAssets 0.242ms
			ScenarioDriftAssetsTracker.OnPostprocessAllAssets 0.221ms
			AssetDatabaseCallbacks.OnPostprocessAllAssets 0.206ms
			TerrainToolbarOverlayPostProcessor.OnPostprocessAllAssets 0.188ms
			SyncVS.PostprocessSyncProject 0.153ms
			AudioContainerPostProcessor.OnPostprocessAllAssets 0.145ms
			RenderPipelineGlobalSettingsPostprocessor.OnPostprocessAllAssets 0.105ms
	UnloadStreamsBegin: 1.467ms
	GenerateScriptTypeHashes: 0.058ms
	GenerateScriptTypeSerializationHashes: 0.057ms
	Untracked: 570.651ms

Loaded scene 'Temp/__Backupscenes/0.backup'
	Deserialize:            4.428 ms
	Integration:            31.516 ms
	Integration of assets:  0.004 ms
	Thread Wait Time:       0.011 ms
	Total Operation Time:   35.958 ms
[Licensing::Client] Successfully resolved entitlement details
TrimDiskCacheJob: Current cache size 0mb
Asset Pipeline Refresh (id=ed667aed7ab9a89489bd5398d9748447): Total: 0.005 seconds - Initiated by RefreshV2(NoUpdateAssetOptions)
Unloading 3 Unused Serialized files (Serialized files now loaded: 0)
UnloadTime: 3.264800 ms
Loaded scene 'Assets/Scenes/MainMenu.unity'
	Deserialize:            5.321 ms
	Integration:            12.423 ms
	Integration of assets:  0.013 ms
	Thread Wait Time:       2.110 ms
	Total Operation Time:   19.866 ms
Unloading 1489 unused Assets / (31.0 MB). Loaded Objects now: 2722.
Memory consumption went from 421.5 MB to 390.5 MB.
Total: 13.776000 ms (FindLiveObjects: 0.334900 ms CreateObjectMapping: 0.254800 ms MarkObjects: 8.188200 ms  DeleteObjects: 4.997100 ms)

Unloading 59 Unused Serialized files (Serialized files now loaded: 0)
UnloadTime: 0.779600 ms
Loaded scene 'Assets/Scenes/Level1.unity'
	Deserialize:            153.125 ms
	Integration:            11.153 ms
	Integration of assets:  3.725 ms
	Thread Wait Time:       3.849 ms
	Total Operation Time:   171.852 ms
Unloading 278 unused Assets / (2.2 MB). Loaded Objects now: 4466.
Memory consumption went from 404.1 MB to 401.8 MB.
Total: 8.317200 ms (FindLiveObjects: 0.252300 ms CreateObjectMapping: 0.257200 ms MarkObjects: 7.593400 ms  DeleteObjects: 0.213500 ms)

MonoPathRemapper: Attempts to remap: 8201; Successful remaps: 1950
Serialized file version minimum: 23, current 23
[LAYOUT] About to save layout D:\EscapeTheReaper\UserSettings\Layouts\default-6000.dwlt
[LAYOUT] About to save layout C:/Users/hassa/AppData/Roaming/Unity/Editor-5.x/Preferences\Layouts\current\default-6000.dwlt
Killing ADB server in 0.0612962 seconds.
[Physics::Module] Cleanup current backend.
[Physics::Module] Id: 0xf2b8ea05
Input System module state changed to: ShutdownInProgress.
Input Polling Thread exited.
Input System module state changed to: Shutdown.
[Licensing::IpcConnector] LicenseClient-hassa-6000.5.0-notifications channel disconnected successfully.
[Licensing::IpcConnector] LicenseClient-hassa-6000.5.0 channel disconnected successfully.
Shut down.
AcceleratorClientConnectionCallback - disconnected - :0
Cleanup mono
CodeReloadManager destroyed
abort_threads: Failed aborting id: 0000000000003A10, mono_thread_manage will ignore it

abort_threads: Failed aborting id: 0000000000001908, mono_thread_manage will ignore it

abort_threads: Failed aborting id: 0000000000005CF0, mono_thread_manage will ignore it

abort_threads: Failed aborting id: 0000000000003A10, mono_thread_manage will ignore it

abort_threads: Failed aborting id: 0000000000001908, mono_thread_manage will ignore it

abort_threads: Failed aborting id: 0000000000005CF0, mono_thread_manage will ignore it

debugger-agent: Unable to listen on 4832
Checking for leaked weakptr:
  Found no leaked weakptrs.
[Package Manager] Server process was shutdown
##utp:{"type":"MemoryLeaks","version":2,"phase":"Immediate","time":1783550740907,"processId":5760,"allocatedMemory":46954671,"memoryLabels":[{"Default":197983},{"Permanent":15516},{"NewDelete":68821},{"Thread":4212088},{"Manager":32616},{"VertexData":8},{"Geometry":816},{"Texture":24},{"Shader":847285},{"Material":24},{"GfxDevice":61400},{"GfxThread":20736},{"Animation":49592},{"FreeType":8},{"FontEngine":736},{"Physics":2146},{"Physics2D":16},{"Serialization":272768},{"Input":42840},{"JobScheduler":256},{"TextLib":18966},{"Mono":48},{"ScriptingNativeRuntime":689868},{"BaseObject":1772911},{"Resource":1208},{"Renderer":3080},{"Transform":4685},{"File":36668},{"WebCam":616},{"Culling":32},{"Terrain":11442},{"Wind":24},{"STL":40},{"String":9491},{"StaticString":3808},{"Utility":2673426},{"Curl":48},{"PoolAlloc":2168},{"AI":80},{"TypeTree":135116},{"ScriptManager":48},{"CodeReload":448},{"RuntimeInitializeOnLoadManager":64},{"Sprites":102},{"SpriteAtlas":120},{"GI":7816},{"CloudService":7384},{"WebRequest":7762},{"VR":47114},{"SceneManager":608},{"Video":208},{"LazyScriptCache":32},{"NativeArray":33043312},{"Camera":1777},{"Secure":265},{"SerializationCache":1576},{"APIUpdating":10320},{"Subsystems":336},{"VirtualTexturing":57888},{"StaticSafetyDebugInfo":278528},{"Analytics":552},{"Hierarchy":1176},{"UIElements":201616},{"CoreStats":13688},{"Identifiers":13536},{"Gui":1069837},{"EditorUtility":203297},{"VersionControl":8},{"Undo":931},{"AssetDatabase":787823},{"AssetImporter":40},{"EditorGi":328},{"UnityConnect":35346},{"Upm":1988},{"UpmDiagnostics":8},{"AssetCompliance":64},{"DrivenProperties":72},{"LocalIPC":211},{"ProfilerEditor":9746},{"CoreBusinessMetrics":2892},{"Windowing":456},{"Licensing":664},{"AssetReference":32},{"IPCStream":32}]}
